<?xml version="1.0"?>
<testsuite name="Cucumber" time="132.592" tests="4" skipped="0" failures="2" errors="0" timestamp="2026-07-25T14:42:41.747Z">
  <testcase classname="login functionality" name="verify login feature with valid details" time="77.418">
    <failure type="TimeoutError" message="locator.click: Timeout 30000ms exceeded.&#xA;Call log:&#xA;[2m  - waiting for locator('xpath=(//a[text()=&quot;Sign in&quot;])[1]')[22m&#xA;[2m    - locator resolved to &lt;a href=&quot;/web/login&quot; class=&quot;nav-link o_nav_link_btn border px-3&quot;>Sign in&lt;/a>[22m&#xA;[2m  - attempting click action[22m&#xA;[2m    - waiting for element to be visible, enabled and stable[22m&#xA;"><![CDATA[    at Homepage.clickOnSignupButton (C:\Users\DELL\Desktop\automation projects\Automation_Framework\src\pages\homepage.ts:15:46)
    at customWorldId.<anonymous> (C:\Users\DELL\Desktop\automation projects\Automation_Framework\src\steps\hompage.ts:24:24)]]></failure>
    <system-out><![CDATA[Given user launches website.................................................passed
When user clicks on signup link.............................................failed
And Enter email "test74@gmail.com"..........................................skipped
And enter password "Test@1234"..............................................skipped
And user clicks on login button.............................................skipped
Then user should logged in succesfully......................................skipped]]></system-out>
  </testcase>
  <testcase classname="signup functionality" name="verify signup feature with valid details" time="29.332">
    <failure type="A" message="[2mexpect([22m[31mlocator[39m[2m).[22mtoBeVisible[2m([22m[2m)[22m failed&#xA;&#xA;Locator: locator('//h1[text()=&quot;My account&quot;]')&#xA;Expected: visible&#xA;Timeout: 5000ms&#xA;Error: element(s) not found&#xA;&#xA;Call log:&#xA;[2m  - Expect &quot;to.be.visible&quot; with timeout 5000ms[22m&#xA;[2m  - waiting for locator('//h1[text()=&quot;My account&quot;]')[22m&#xA;"><![CDATA[    at Proxy.<anonymous> (C:\Users\DELL\Desktop\automation projects\Automation_Framework\node_modules\playwright\lib\matchers\expect.js:213:24)
    at customWorldId.<anonymous> (C:\Users\DELL\Desktop\automation projects\Automation_Framework\src\steps\signup_Step.ts:22:31)
    at runNextTicks (node:internal/process/task_queues:65:5)
    at processImmediate (node:internal/timers:472:9)]]></failure>
    <system-out><![CDATA[Given user launches website.................................................passed
When user clicks on signup link.............................................passed
And user clicks on dont have account hyperlink..............................passed
And Enter name "testuser74".................................................passed
And Enter email "test74@gmail.com"..........................................passed
And enter password "Test@1234"..............................................passed
And enter confirm password "Test@1234"......................................passed
And user clicks on signup button............................................passed
Then verify  account created succesfully....................................failed]]></system-out>
  </testcase>
  <testcase classname="signup functionality" name="verify signup feature with invalid(duplicate email) details" time="13.425">
    <system-out><![CDATA[Given user launches website.................................................passed
When user clicks on signup link.............................................passed
And user clicks on dont have account hyperlink..............................passed
And Enter name "test101"....................................................passed
And Enter email "test1012@gmail.com"........................................passed
And enter password "Test@1234"..............................................passed
And enter confirm password "Test@1234"......................................passed
And user clicks on signup button............................................passed
Then verify user get text as "Another user is already registered using this email address."..passed]]></system-out>
  </testcase>
  <testcase classname="signup functionality" name="verify signup feature with blank details" time="12.215">
    <system-out><![CDATA[Given user launches website.................................................passed
When user clicks on signup link.............................................passed
And user clicks on dont have account hyperlink..............................passed
And Enter name ""...........................................................passed
And Enter email ""..........................................................passed
And enter password "".......................................................passed
And enter confirm password ""...............................................passed
And user clicks on signup button............................................passed
Then user should see validation error for required fields...................passed]]></system-out>
  </testcase>
</testsuite>